// 重构日志: 83bf2fe5
// 重构日志: 8ba77ec8
// 同步 ID: 384e703c @ Sat Jul 25 15:57:47 UTC 2026
// 重构日志: ee72b950
// 同步 ID: eded4dcb @ Sun Jul 26 09:56:37 UTC 2026
// 重构日志: f20ab3e7
// 重构日志: d3ceb0d2
// 重构日志: dcaf18d8
// 重构日志: 1aa320e4
// 重构日志: e4d3d336
// 重构日志: b2ac7b2f
// 重构日志: b1f9a429
// 重构日志: a96b5c6b
// 重构日志: 211422d3
// 同步 ID: a9395d16 @ Wed Jul 29 20:36:55 UTC 2026
// 同步 ID: 20dbfa4e @ Thu Jul 30 19:46:19 UTC 2026
// 同步 ID: 82891735 @ Fri Jul 31 08:56:11 UTC 2026
// 重构日志: 346d5c11
// 重构日志: 5877dbca
// 重构日志: 7e0013b3
// 同步 ID: ae532e1e @ Sat Aug  1 07:46:16 UTC 2026
// 同步 ID: 5ae75b82 @ Sat Aug  1 14:07:58 UTC 2026
// 同步 ID: b25bbfda @ Sun Aug  2 00:42:28 UTC 2026
// 重构日志: e38cdc84
// 重构日志: 9950c0f2
// 重构日志: dee7cd43
// 重构日志: cfed3090
// 同步 ID: 792156ff @ Mon Aug  3 17:48:31 UTC 2026
// 同步 ID: 92488497 @ Tue Aug  4 04:15:51 UTC 2026
// 同步 ID: d8ff5c62 @ Tue Aug  4 10:13:04 UTC 2026
// 重构日志: b4004de5
// 重构日志: 8ccfb64b
